<html>
<body>
<pre>
<h1>µVision Build Log</h1>
<h2>Tool Versions:</h2>
IDE-Version: ¶ÃVision V5.36.0.0
Copyright (C) 2021 ARM Ltd and ARM Germany GmbH. All rights reserved.
License Information: k kube, k, LIC=03C6R-KPLH9-302NC-77W9E-Y3ST1-UIMP7
 
Tool Versions:
Toolchain:       MDK-ARM Plus  Version: 5.36.0.0
Toolchain Path:  D:\VSCode\MDK5\ARM\ARMCC\Bin
C Compiler:      Armcc.exe V5.06 update 7 (build 960)
Assembler:       Armasm.exe V5.06 update 7 (build 960)
Linker/Locator:  ArmLink.exe V5.06 update 7 (build 960)
Library Manager: ArmAr.exe V5.06 update 7 (build 960)
Hex Converter:   FromElf.exe V5.06 update 7 (build 960)
CPU DLL:         SARMCM3.DLL V5.36.0.0
Dialog DLL:      DCM.DLL V1.17.3.0
Target DLL:      STLink\ST-LINKIII-KEIL_SWO.dll V3.0.9.0
Dialog DLL:      TCM.DLL V1.53.0.0
 
<h2>Project:</h2>
D:\EditProgram\File\µ⁄∂˛ Æ∂˛’¬-≥¨…˘≤®≤‚æ‡\ µ—È1 ≥¨…˘≤®≤‚æ‡\motor.uvprojx
Project File Date:  05/03/2023

<h2>Output:</h2>
*** Using Compiler 'V5.06 update 7 (build 960)', folder: 'D:\VSCode\MDK5\ARM\ARMCC\Bin'
Rebuild target 'STM32'
assembling startup_stm32f10x_md.s...
compiling core_cm3.c...
compiling stm32f10x_bkp.c...
compiling stm32f10x_cec.c...
compiling misc.c...
compiling system_stm32f10x.c...
compiling stm32f10x_crc.c...
compiling stm32f10x_adc.c...
compiling stm32f10x_can.c...
compiling stm32f10x_dac.c...
compiling stm32f10x_dbgmcu.c...
compiling stm32f10x_dma.c...
compiling stm32f10x_exti.c...
compiling stm32f10x_gpio.c...
compiling stm32f10x_i2c.c...
compiling stm32f10x_flash.c...
compiling stm32f10x_fsmc.c...
compiling stm32f10x_iwdg.c...
compiling stm32f10x_pwr.c...
compiling stm32f10x_spi.c...
compiling stm32f10x_rtc.c...
compiling stm32f10x_rcc.c...
compiling stm32f10x_sdio.c...
compiling stm32f10x_usart.c...
compiling stm32f10x_tim.c...
compiling stm32f10x_wwdg.c...
compiling delay.c...
compiling led.c...
compiling oled.c...
compiling ultrasonsic.c...
Hardware\ultrasonsic.c(100): warning:  #223-D: function "printf" declared implicitly
          printf("dis = %fcm\r\n",length);
Hardware\ultrasonsic.c(104): warning:  #223-D: function "printf" declared implicitly
      printf("dis_average = %fcm\r\n",length); //¥Ú”°∆Ωæ˘æ‡¿Î
Hardware\ultrasonsic.c: 2 warnings, 0 errors
compiling usart.c...
compiling atim.c...
compiling main.c...
user\main.c(49): warning:  #167-D: argument of type "char *" is incompatible with parameter of type "u8 *"
          OLED_ShowString(40,1,str,8);          /* OLEDÂ±èÊòæÁ§? */
user\main.c: 1 warning, 0 errors
linking...
Program Size: Code=9244 RO-data=2340 RW-data=1572 ZI-data=1284  
FromELF: creating hex file...
".\Objects\motor.axf" - 0 Error(s), 3 Warning(s).

<h2>Software Packages used:</h2>

Package Vendor: Keil
                http://www.keil.com/pack/Keil.STM32F1xx_DFP.2.3.0.pack
                Keil.STM32F1xx_DFP.2.3.0
                STMicroelectronics STM32F1 Series Device Support, Drivers and Examples

<h2>Collection of Component include folders:</h2>
  D:\VSCode\MDK5\Packs\Keil\STM32F1xx_DFP\2.3.0\Device\Include

<h2>Collection of Component Files used:</h2>
Build Time Elapsed:  00:00:06
</pre>
</body>
</html>
